2026-05-25 11:15:00,496 INFO o.a.j.u.JMeterUtils: Setting Locale to en_EN
2026-05-25 11:15:00,523 INFO o.a.j.JMeter: Loading user properties from: /opt/homebrew/Cellar/jmeter/5.6.3/libexec/bin/user.properties
2026-05-25 11:15:00,524 INFO o.a.j.JMeter: Loading system properties from: /opt/homebrew/Cellar/jmeter/5.6.3/libexec/bin/system.properties
2026-05-25 11:15:00,528 INFO o.a.j.JMeter: Copyright (c) 1998-2024 The Apache Software Foundation
2026-05-25 11:15:00,528 INFO o.a.j.JMeter: Version 5.6.3
2026-05-25 11:15:00,528 INFO o.a.j.JMeter: java.version=21.0.11
2026-05-25 11:15:00,528 INFO o.a.j.JMeter: java.vm.name=OpenJDK 64-Bit Server VM
2026-05-25 11:15:00,528 INFO o.a.j.JMeter: os.name=Mac OS X
2026-05-25 11:15:00,528 INFO o.a.j.JMeter: os.arch=aarch64
2026-05-25 11:15:00,528 INFO o.a.j.JMeter: os.version=26.5
2026-05-25 11:15:00,528 INFO o.a.j.JMeter: file.encoding=UTF-8
2026-05-25 11:15:00,528 INFO o.a.j.JMeter: java.awt.headless=null
2026-05-25 11:15:00,528 INFO o.a.j.JMeter: Max memory     =1073741824
2026-05-25 11:15:00,529 INFO o.a.j.JMeter: Available Processors =8
2026-05-25 11:15:00,537 INFO o.a.j.JMeter: Default Locale=English (EN)
2026-05-25 11:15:00,537 INFO o.a.j.JMeter: JMeter  Locale=English (EN)
2026-05-25 11:15:00,537 INFO o.a.j.JMeter: JMeterHome=/opt/homebrew/Cellar/jmeter/5.6.3/libexec
2026-05-25 11:15:00,537 INFO o.a.j.JMeter: user.dir  =/Users/s.d./main/Personal/College/Practical-API-TESTING
2026-05-25 11:15:00,537 INFO o.a.j.JMeter: PWD       =/Users/s.d./main/Personal/College/Practical-API-TESTING
2026-05-25 11:15:00,540 INFO o.a.j.JMeter: IP: 127.0.0.1 Name: SARTHI.local FullName: localhost
2026-05-25 11:15:00,548 INFO o.a.j.JMeter: Loaded icon properties from org/apache/jmeter/images/icon.properties
2026-05-25 11:15:01,476 INFO o.a.j.JMeterGuiLauncher: Setting LAF to: com.github.weisj.darklaf.DarkLaf:com.github.weisj.darklaf.theme.DarculaTheme
2026-05-25 11:15:03,405 INFO o.a.j.r.ClassFinder: Will scan jar /opt/homebrew/Cellar/jmeter/5.6.3/libexec/lib/ext/jmeter-plugins-manager-1.9.jar with filter ExtendsClassFilter [parents=[interface org.apache.jmeter.gui.action.Command], inner=false, contains=null, notContains=null]. Consider exposing JMeter plugins via META-INF/services, and add JMeter-Skip-Class-Scanning=true manifest attribute so JMeter can skip classfile scanning
2026-05-25 11:15:03,508 INFO o.a.j.r.ClassFinder: Will scan jar /opt/homebrew/Cellar/jmeter/5.6.3/libexec/lib/ext/jmeter-plugins-manager-1.9.jar with filter ExtendsClassFilter [parents=[interface org.apache.jmeter.gui.plugin.MenuCreator], inner=false, contains=null, notContains=null]. Consider exposing JMeter plugins via META-INF/services, and add JMeter-Skip-Class-Scanning=true manifest attribute so JMeter can skip classfile scanning
2026-05-25 11:15:03,585 INFO o.j.r.JARSourceHTTP: Requesting https://jmeter-plugins.org/repo/?installID=mac_os_x-48848c6be045e60a2b2954e87fb73001-gui
2026-05-25 11:15:10,834 INFO o.j.r.PluginManager: Plugins Status: [jpgc-plugins-manager=1.9, jmeter-core=5.6.3, jmeter-ftp=5.6.3, jmeter-http=5.6.3, jmeter-jdbc=5.6.3, jmeter-jms=5.6.3, jmeter-junit=5.6.3, jmeter-java=5.6.3, jmeter-ldap=5.6.3, jmeter-mail=5.6.3, jmeter-mongodb=5.6.3, jmeter-native=5.6.3, jmeter-tcp=5.6.3, jmeter-components=5.6.3]
2026-05-25 11:15:10,835 INFO o.j.r.PluginManagerMenuItem: Plugins Manager has upgrades: [jpgc-plugins-manager]
2026-05-25 11:16:24,428 INFO o.a.j.p.h.s.HTTPSamplerBase: Parser for text/html is org.apache.jmeter.protocol.http.parser.LagartoBasedHtmlParser
2026-05-25 11:16:24,428 INFO o.a.j.p.h.s.HTTPSamplerBase: Parser for application/xhtml+xml is org.apache.jmeter.protocol.http.parser.LagartoBasedHtmlParser
2026-05-25 11:16:24,428 INFO o.a.j.p.h.s.HTTPSamplerBase: Parser for application/xml is org.apache.jmeter.protocol.http.parser.LagartoBasedHtmlParser
2026-05-25 11:16:24,428 INFO o.a.j.p.h.s.HTTPSamplerBase: Parser for text/xml is org.apache.jmeter.protocol.http.parser.LagartoBasedHtmlParser
2026-05-25 11:16:24,428 INFO o.a.j.p.h.s.HTTPSamplerBase: Parser for text/vnd.wap.wml is org.apache.jmeter.protocol.http.parser.RegexpHTMLParser
2026-05-25 11:16:24,428 INFO o.a.j.p.h.s.HTTPSamplerBase: Parser for text/css is org.apache.jmeter.protocol.http.parser.CssParser
2026-05-25 11:22:03,778 INFO o.a.j.s.SampleResult: Note: Sample TimeStamps are START times
2026-05-25 11:22:03,779 INFO o.a.j.s.SampleResult: sampleresult.default.encoding is set to UTF-8
2026-05-25 11:22:03,781 INFO o.a.j.s.SampleResult: sampleresult.useNanoTime=true
2026-05-25 11:22:03,782 INFO o.a.j.s.SampleResult: sampleresult.nanoThreadSleep=5000
2026-05-25 11:22:03,850 INFO o.a.j.r.ClassFinder: Will scan jar /opt/homebrew/Cellar/jmeter/5.6.3/libexec/lib/ext/jmeter-plugins-manager-1.9.jar with filter ExtendsClassFilter [parents=[interface org.apache.jmeter.visualizers.ResultRenderer], inner=false, contains=null, notContains=null]. Consider exposing JMeter plugins via META-INF/services, and add JMeter-Skip-Class-Scanning=true manifest attribute so JMeter can skip classfile scanning
2026-05-25 11:22:03,866 INFO o.a.j.r.ClassFinder: Will scan jar /opt/homebrew/Cellar/jmeter/5.6.3/libexec/lib/ext/jmeter-plugins-manager-1.9.jar with filter ExtendsClassFilter [parents=[interface org.apache.jmeter.visualizers.RequestView], inner=false, contains=null, notContains=null]. Consider exposing JMeter plugins via META-INF/services, and add JMeter-Skip-Class-Scanning=true manifest attribute so JMeter can skip classfile scanning
2026-05-25 11:22:16,093 INFO o.a.j.s.FileServer: Default base='/Users/s.d./main/Personal/College/Practical-API-TESTING'
2026-05-25 11:22:16,095 INFO o.a.j.s.FileServer: Set new base='/Users/s.d./main/Personal/College/Practical-API-TESTING'
2026-05-25 11:22:16,233 INFO o.a.j.s.SaveService: Testplan (JMX) version: 2.2. Testlog (JTL) version: 2.2
2026-05-25 11:22:16,239 INFO o.a.j.s.SaveService: Using SaveService properties version 5.0
2026-05-25 11:22:16,240 INFO o.a.j.s.SaveService: Using SaveService properties file encoding UTF-8
2026-05-25 11:22:52,957 INFO o.a.j.e.StandardJMeterEngine: Running the test!
2026-05-25 11:22:52,959 INFO o.a.j.s.SampleEvent: List of sample_variables: []
2026-05-25 11:22:52,959 INFO o.a.j.s.SampleEvent: List of sample_variables: []
2026-05-25 11:22:52,960 INFO o.a.j.e.u.CompoundVariable: Note: Function class names must contain the string: '.functions.'
2026-05-25 11:22:52,961 INFO o.a.j.e.u.CompoundVariable: Note: Function class names must not contain the string: '.gui.'
2026-05-25 11:22:52,996 INFO o.a.j.r.ClassFinder: Will scan jar /opt/homebrew/Cellar/jmeter/5.6.3/libexec/lib/ext/jmeter-plugins-manager-1.9.jar with filter ExtendsClassFilter [parents=[interface org.apache.jmeter.functions.Function], inner=false, contains=null, notContains=null]. Consider exposing JMeter plugins via META-INF/services, and add JMeter-Skip-Class-Scanning=true manifest attribute so JMeter can skip classfile scanning
2026-05-25 11:22:53,002 INFO o.a.j.g.u.JMeterMenuBar: setRunning(true, *local*)
2026-05-25 11:22:53,031 INFO o.a.j.e.StandardJMeterEngine: Starting ThreadGroup: 1 : Thread Group
2026-05-25 11:22:53,031 INFO o.a.j.e.StandardJMeterEngine: Starting 1 threads for group Thread Group.
2026-05-25 11:22:53,031 INFO o.a.j.e.StandardJMeterEngine: Thread will continue on error
2026-05-25 11:22:53,031 INFO o.a.j.t.ThreadGroup: Starting thread group... number=1 threads=1 ramp-up=1 delayedStart=false
2026-05-25 11:22:53,033 INFO o.a.j.t.ThreadGroup: Started thread group number 1
2026-05-25 11:22:53,033 INFO o.a.j.e.StandardJMeterEngine: All thread groups have been started
2026-05-25 11:22:53,034 INFO o.a.j.t.JMeterThread: Thread started: Thread Group 1-1
2026-05-25 11:22:53,040 INFO o.a.j.p.h.s.HTTPHCAbstractImpl: Local host = SARTHI.local
2026-05-25 11:22:53,044 INFO o.a.j.p.h.s.HTTPHC4Impl: HTTP request retry count = 0
2026-05-25 11:22:53,078 INFO o.a.j.t.JMeterThread: Thread is done: Thread Group 1-1
2026-05-25 11:22:53,078 INFO o.a.j.t.JMeterThread: Thread finished: Thread Group 1-1
2026-05-25 11:22:53,078 INFO o.a.j.e.StandardJMeterEngine: Notifying test listeners of end of test
2026-05-25 11:22:53,078 INFO o.a.j.g.u.JMeterMenuBar: setRunning(false, *local*)
2026-05-25 11:23:46,801 INFO o.a.j.r.ClassFinder: Will scan jar /opt/homebrew/Cellar/jmeter/5.6.3/libexec/lib/ext/jmeter-plugins-manager-1.9.jar with filter ExtendsClassFilter [parents=[interface org.apache.jmeter.visualizers.ResultRenderer], inner=false, contains=null, notContains=null]. Consider exposing JMeter plugins via META-INF/services, and add JMeter-Skip-Class-Scanning=true manifest attribute so JMeter can skip classfile scanning
2026-05-25 11:23:46,817 INFO o.a.j.r.ClassFinder: Will scan jar /opt/homebrew/Cellar/jmeter/5.6.3/libexec/lib/ext/jmeter-plugins-manager-1.9.jar with filter ExtendsClassFilter [parents=[interface org.apache.jmeter.visualizers.RequestView], inner=false, contains=null, notContains=null]. Consider exposing JMeter plugins via META-INF/services, and add JMeter-Skip-Class-Scanning=true manifest attribute so JMeter can skip classfile scanning
2026-05-25 11:25:29,926 INFO o.a.j.e.StandardJMeterEngine: Running the test!
2026-05-25 11:25:29,927 INFO o.a.j.s.SampleEvent: List of sample_variables: []
2026-05-25 11:25:29,928 INFO o.a.j.g.u.JMeterMenuBar: setRunning(true, *local*)
2026-05-25 11:25:29,967 INFO o.a.j.e.StandardJMeterEngine: Starting ThreadGroup: 1 : Thread Group
2026-05-25 11:25:29,967 INFO o.a.j.e.StandardJMeterEngine: Starting 1 threads for group Thread Group.
2026-05-25 11:25:29,967 INFO o.a.j.e.StandardJMeterEngine: Thread will continue on error
2026-05-25 11:25:29,967 INFO o.a.j.t.ThreadGroup: Starting thread group... number=1 threads=1 ramp-up=1 delayedStart=false
2026-05-25 11:25:29,968 INFO o.a.j.t.ThreadGroup: Started thread group number 1
2026-05-25 11:25:29,968 INFO o.a.j.e.StandardJMeterEngine: Starting ThreadGroup: 2 : Thread Group
2026-05-25 11:25:29,968 INFO o.a.j.e.StandardJMeterEngine: Starting 1 threads for group Thread Group.
2026-05-25 11:25:29,968 INFO o.a.j.e.StandardJMeterEngine: Thread will continue on error
2026-05-25 11:25:29,968 INFO o.a.j.t.ThreadGroup: Starting thread group... number=2 threads=1 ramp-up=1 delayedStart=false
2026-05-25 11:25:29,968 INFO o.a.j.t.JMeterThread: Thread started: Thread Group 1-1
2026-05-25 11:25:29,968 INFO o.a.j.t.ThreadGroup: Started thread group number 2
2026-05-25 11:25:29,968 INFO o.a.j.e.StandardJMeterEngine: All thread groups have been started
2026-05-25 11:25:29,968 INFO o.a.j.t.JMeterThread: Thread started: Thread Group 2-1
2026-05-25 11:25:29,975 INFO o.a.j.t.JMeterThread: Thread is done: Thread Group 2-1
2026-05-25 11:25:29,975 INFO o.a.j.t.JMeterThread: Thread is done: Thread Group 1-1
2026-05-25 11:25:29,975 INFO o.a.j.t.JMeterThread: Thread finished: Thread Group 2-1
2026-05-25 11:25:29,975 INFO o.a.j.t.JMeterThread: Thread finished: Thread Group 1-1
2026-05-25 11:25:29,975 INFO o.a.j.e.StandardJMeterEngine: Notifying test listeners of end of test
2026-05-25 11:25:29,975 INFO o.a.j.g.u.JMeterMenuBar: setRunning(false, *local*)
